apiVersion: v1
kind: Namespace
metadata:
  annotations: {}
  labels:
    name: provider-cloudscale-secrets-objectsuser
  name: provider-cloudscale-secrets-objectsuser
