apiVersion: v1
data: {}
kind: Secret
metadata:
  annotations: {}
  labels:
    name: cloudscale-lpg-2
  name: cloudscale-lpg-2
  namespace: syn-crossplane
stringData:
  CLOUDSCALE_API_TOKEN: ?{vaultkv:t-silent-test-1234/c-green-test-1234/appcat/objectstorage/provider-cloudscale/cloudscale-lpg-2:091fe860}
type: Opaque
