apiVersion: v1
kind: Namespace
metadata:
  annotations: {}
  labels:
    name: provider-cloudscale-secrets
  name: provider-cloudscale-secrets
