apiVersion: rbac.authorization.k8s.io/v1
kind: RoleBinding
metadata:
  name: postgres-deletion-protection-manager-leader-election-rolebinding
  namespace: appcat-controllers
roleRef:
  apiGroup: rbac.authorization.k8s.io
  kind: Role
  name: postgres-deletion-protection-manager-leader-election-role
subjects:
  - kind: ServiceAccount
    name: postgres-deletion-protection-manager
    namespace: appcat-controllers
