apiVersion: cloudscale.crossplane.io/v1
kind: ProviderConfig
metadata:
  annotations:
    argocd.argoproj.io/sync-options: SkipDryRunOnMissingResource=true
    argocd.argoproj.io/sync-wave: '10'
  labels:
    name: cloudscale-lpg-2
  name: cloudscale-lpg-2
spec:
  credentials:
    apiTokenSecretRef:
      name: cloudscale-lpg-2
      namespace: syn-crossplane
    source: InjectedIdentity
