apiVersion: exoscale.crossplane.io/v1
kind: ProviderConfig
metadata:
  annotations:
    argocd.argoproj.io/sync-options: SkipDryRunOnMissingResource=true
    argocd.argoproj.io/sync-wave: '10'
  labels:
    name: exoscale-dbaas
  name: exoscale-dbaas
spec:
  credentials:
    apiSecretRef:
      name: exoscale-dbaas-api-access
      namespace: syn-crossplane
    source: InjectedIdentity
---
apiVersion: kubernetes.crossplane.io/v1alpha1
kind: ProviderConfig
metadata:
  annotations:
    argocd.argoproj.io/sync-options: SkipDryRunOnMissingResource=true
    argocd.argoproj.io/sync-wave: '10'
  labels:
    name: kubernetes
  name: kubernetes
spec:
  credentials:
    source: InjectedIdentity
