apiVersion: pkg.crossplane.io/v1beta1
kind: Function
metadata:
  name: function-appcat
spec:
  package: ghcr.io/vshn/appcat:add_keycloak_provider_themes-func
  runtimeConfigRef:
    name: function-appcat
