apiVersion: v1
data: {}
kind: Secret
metadata:
  annotations: {}
  labels:
    name: exoscale-api-access
  name: exoscale-api-access
  namespace: syn-crossplane
stringData:
  EXOSCALE_API_KEY: ?{vaultkv:t-silent-test-1234/c-green-test-1234/appcat/objectstorage/provider-exoscale/access-key:f01e7ef1}
  EXOSCALE_API_SECRET: ?{vaultkv:t-silent-test-1234/c-green-test-1234/appcat/objectstorage/provider-exoscale/secret-key:64cbaa98}
type: Opaque
