apiVersion: rbac.authorization.k8s.io/v1
kind: ClusterRole
metadata:
  annotations: {}
  labels:
    name: allow-helm-monitoring-resources
  name: allow-helm-monitoring-resources
rules:
  - apiGroups:
      - monitoring.coreos.com
    resources:
      - servicemonitors
    verbs:
      - '*'
---
apiVersion: rbac.authorization.k8s.io/v1
kind: ClusterRoleBinding
metadata:
  annotations: {}
  labels:
    name: system-serviceaccount-syn-crossplane-provider-helm
  name: system:serviceaccount:syn-crossplane:provider-helm
roleRef:
  apiGroup: rbac.authorization.k8s.io
  kind: ClusterRole
  name: allow-helm-monitoring-resources
subjects:
  - kind: ServiceAccount
    name: provider-helm
    namespace: syn-crossplane
