apiVersion: v1
kind: Namespace
metadata:
  annotations: {}
  labels: {}
  name: appcat-controllers
