apiVersion: v1
kind: ServiceAccount
metadata:
  name: postgres-deletion-protection-manager
  namespace: appcat-controllers
