apiVersion: pkg.crossplane.io/v1beta1
kind: Function
metadata:
  name: function-appcat
spec:
  package: ghcr.io/vshn/appcat:v4.45.0-func
  runtimeConfigRef:
    name: function-appcat
