apiVersion: v1
data:
  plans: '{"plus-2": {"note": "Will be scheduled on APPUiO Cloud plus nodes", "scheduling":
    {"nodeSelector": {"appuio.io/node-class": "plus"}}, "size": {"cpu": "400m", "disk":
    "20Gi", "enabled": true, "memory": "1728Mi"}}, "plus-4": {"note": "Will be scheduled
    on APPUiO Cloud plus nodes", "scheduling": {"nodeSelector": {"appuio.io/node-class":
    "plus"}}, "size": {"cpu": "900m", "disk": "40Gi", "enabled": true, "memory": "3776Mi"}},
    "standard-2": {"size": {"cpu": "400m", "disk": "20Gi", "enabled": true, "memory":
    "1728Mi"}}, "standard-4": {"size": {"cpu": "900m", "disk": "40Gi", "enabled":
    true, "memory": "3776Mi"}}}'
kind: ConfigMap
metadata:
  annotations: {}
  labels:
    name: vshnpostgresqlplans
  name: vshnpostgresqlplans
  namespace: syn-appcat
