apiVersion: apiextensions.crossplane.io/v1
kind: CompositeResourceDefinition
metadata:
  annotations:
    argocd.argoproj.io/sync-options: SkipDryRunOnMissingResource=true
    argocd.argoproj.io/sync-wave: '10'
  labels:
    name: xvshnredis.vshn.appcat.vshn.io
  name: xvshnredis.vshn.appcat.vshn.io
spec:
  claimNames:
    kind: VSHNRedis
    plural: vshnredis
  connectionSecretKeys:
    - REDIS_HOST
    - REDIS_PORT
    - REDIS_USERNAME
    - REDIS_PASSWORD
    - REDIS_URL
  defaultCompositionRef:
    name: vshnredis.vshn.appcat.vshn.io
  group: vshn.appcat.vshn.io
  names:
    kind: XVSHNRedis
    plural: xvshnredis
  versions:
    - name: v1
      referenceable: true
      schema:
        openAPIV3Schema:
          description: VSHNRedis is the API for creating Redis clusters.
          properties:
            spec:
              description: Spec defines the desired state of a VSHNRedis.
              properties:
                parameters:
                  default: {}
                  description: Parameters are the configurable fields of a VSHNRedis.
                  properties:
                    service:
                      default: {}
                      description: Service contains Redis DBaaS specific properties
                      properties:
                        redisSettings:
                          description: RedisSettings contains additional Redis settings.
                          type: string
                        version:
                          default: '7.0'
                          description: Version contains supported version of Redis.
                            Multiple versions are supported. The latest version "7.0"
                            is the default version.
                          enum:
                            - '6.2'
                            - '7.0'
                          type: string
                      type: object
                    size:
                      default: {}
                      description: Size contains settings to control the sizing of
                        a service.
                      properties:
                        cpuLimits:
                          default: 500m
                          description: CPULimits defines the limits amount of Kubernetes
                            CPUs for an instance.
                          type: string
                        cpuRequests:
                          default: 500m
                          description: CPURequests defines the requests amount of
                            Kubernetes CPUs for an instance.
                          type: string
                        disk:
                          default: 5Gi
                          description: Disk defines the amount of disk space for an
                            instance.
                          type: string
                        memoryLimits:
                          default: 2048Mi
                          description: MemoryLimits defines the limits amount of memory
                            in units of bytes for an instance.
                          type: string
                        memoryRequests:
                          default: 2048Mi
                          description: MemoryRequests defines the requests amount
                            of memory in units of bytes for an instance.
                          type: string
                      type: object
                  type: object
              type: object
          required:
            - spec
          type: object
      served: true
