apiVersion: pkg.crossplane.io/v1
kind: Provider
metadata:
  annotations:
    argocd.argoproj.io/sync-options: SkipDryRunOnMissingResource=true
    argocd.argoproj.io/sync-wave: '10'
  labels:
    name: exoscale
  name: exoscale
spec:
  package: ghcr.io/vshn/provider-exoscale/provider:v0.8.0
