apiVersion: v1
data: {}
kind: Secret
metadata:
  annotations: {}
  labels:
    name: appcat-apiserver-tls
  name: appcat-apiserver-tls
  namespace: appcat-apiserver
stringData:
  tls.crt: test-cert
  tls.key: test-key
type: Opaque
