apiVersion: v1
kind: ServiceAccount
metadata:
  annotations: {}
  labels:
    name: exoscale-dbaas
  name: exoscale-dbaas
  namespace: syn-appcat
