apiVersion: v1
kind: Namespace
metadata:
  annotations: {}
  labels:
    appuio.io/organization: vshn
    name: syn-appcat
    openshift.io/cluster-monitoring: 'true'
  name: syn-appcat
