apiVersion: batch/v1
kind: CronJob
metadata:
  annotations: {}
  labels:
    name: appcat-sla-reporter
  name: appcat-sla-reporter
  namespace: appcat-slos
spec:
  concurrencyPolicy: Forbid
  failedJobsHistoryLimit: 3
  jobTemplate:
    spec:
      completions: 1
      parallelism: 1
      template:
        metadata:
          labels:
            name: appcat-sla-reporter
        spec:
          containers:
            - args:
                - slareport
                - --previousmonth
                - --mimirorg
                - appuio-managed-openshift-metrics
              env:
                - name: PROM_URL
                  value: http://vshn-appuio-mimir-query-frontend.vshn-appuio-mimir.svc.cluster.local:8080/prometheus
              envFrom:
                - secretRef:
                    name: appcat-sla-reports-creds
<<<<<<< HEAD
<<<<<<< HEAD
              image: ghcr.io/vshn/appcat:v4.57.0
=======
              image: ghcr.io/vshn/appcat:add_keycloak_maintenance
>>>>>>> f2ab54a (Add maintenance for Keycloak)
=======
              image: ghcr.io/vshn/appcat:add_keycloak_provider_themes
>>>>>>> 1b9d104 (Add support for custom themes and provider for Keycloak)
              name: sla-reporter
              resources:
                limits:
                  cpu: 100m
                  memory: 300Mi
                requests:
                  cpu: 10m
                  memory: 200Mi
          imagePullSecrets: []
          initContainers: []
          restartPolicy: OnFailure
          terminationGracePeriodSeconds: 30
          volumes: []
  schedule: 0 9 1 * *
  successfulJobsHistoryLimit: 0
