apiVersion: rbac.authorization.k8s.io/v1
kind: ClusterRoleBinding
metadata:
  name: appcat-sliexporter-glrf-test-appcat-sli-probe
roleRef:
  apiGroup: rbac.authorization.k8s.io
  kind: ClusterRole
  name: cluster-admin
subjects:
- kind: ServiceAccount
  name: appcat-sliexporter-controller-manager
  namespace: appcat-slos
