apiVersion: v1
kind: ServiceAccount
metadata:
  name: appcat-sli-exporter-controller-manager
  namespace: appcat-slos
