apiVersion: apiextensions.crossplane.io/v1
kind: CompositeResourceDefinition
metadata:
  annotations:
    argocd.argoproj.io/sync-options: SkipDryRunOnMissingResource=true
    argocd.argoproj.io/sync-wave: '10'
  labels:
    name: xobjectbuckets.appcat.vshn.io
  name: xobjectbuckets.appcat.vshn.io
spec:
  claimNames:
    kind: ObjectBucket
    plural: objectbuckets
  connectionSecretKeys:
    - AWS_ACCESS_KEY_ID
    - AWS_SECRET_ACCESS_KEY
    - AWS_REGION
    - ENDPOINT
    - BUCKET_NAME
  defaultCompositionRef:
    name: exoscale.objectbuckets.appcat.vshn.io
  group: appcat.vshn.io
  names:
    kind: XObjectBucket
    plural: xobjectbuckets
  versions:
    - name: v1
      referenceable: true
      schema:
        openAPIV3Schema:
          properties:
            spec:
              properties:
                parameters:
                  properties:
                    bucketName:
                      description: BucketName is the name of the bucket to create.
                        Cannot be changed after bucket is created. Name must be acceptable
                        by the S3 protocol, which follows RFC 1123. Be aware that
                        S3 providers may require a unique name across the platform
                        or region.
                      type: string
                    region:
                      description: Region is the name of the region where the bucket
                        shall be created. The region must be available in the S3 endpoint.
                        Accepted values are LPG and RMA.
                      type: string
                  required:
                    - bucketName
                    - region
                  type: object
              required:
                - parameters
              type: object
            status:
              description: An ObjectBucketStatus reflects the observed state of a
                ObjectBucket.
              properties:
                accessUserConditions:
                  items:
                    description: Access user condition contains details for one aspect
                      of this claim's underlying cloudscale ObjectsUser or exoscale
                      IAMKey state.
                    properties:
                      lastTransitionTime:
                        description: lastTransitionTime is the last time the condition
                          transitioned from one status to another. This should be
                          when the underlying condition changed.  If that is not known,
                          then using the time when the API field changed is acceptable.
                        format: date-time
                        type: string
                      message:
                        description: message is a human readable message indicating
                          details about the transition. This may be an empty string.
                        maxLength: 32768
                        type: string
                      observedGeneration:
                        description: observedGeneration represents the .metadata.generation
                          that the condition was set based upon. For instance, if
                          .metadata.generation is currently 12, but the .status.conditions[x].observedGeneration
                          is 9, the condition is out of date with respect to the current
                          state of the instance.
                        format: int64
                        minimum: 0
                        type: integer
                      reason:
                        description: reason contains a programmatic identifier indicating
                          the reason for the condition's last transition. Producers
                          of specific condition types may define expected values and
                          meanings for this field, and whether the values are considered
                          a guaranteed API. The value should be a CamelCase string.
                          This field may not be empty.
                        maxLength: 1024
                        minLength: 1
                        pattern: ^[A-Za-z]([A-Za-z0-9_,:]*[A-Za-z0-9_])?$
                        type: string
                      status:
                        description: status of the condition, one of True, False,
                          Unknown.
                        enum:
                          - 'True'
                          - 'False'
                          - Unknown
                        type: string
                      type:
                        description: type of condition in CamelCase or in foo.example.com/CamelCase.
                          --- Many .condition.type values are consistent across resources
                          like Available, but because arbitrary conditions can be
                          useful (see .node.status.conditions), the ability to deconflict
                          is important. The regex it matches is (dns1123SubdomainFmt/)?(qualifiedNameFmt)
                        maxLength: 316
                        pattern: ^([a-z0-9]([-a-z0-9]*[a-z0-9])?(\.[a-z0-9]([-a-z0-9]*[a-z0-9])?)*/)?(([A-Za-z0-9][-A-Za-z0-9_.]*)?[A-Za-z0-9])$
                        type: string
                    required:
                      - lastTransitionTime
                      - message
                      - reason
                      - status
                      - type
                    type: object
                  type: array
                bucketConditions:
                  items:
                    description: Bucket condition contains details for one aspect
                      of this claim's cloudscale or exoscale Bucket state.
                    properties:
                      lastTransitionTime:
                        description: lastTransitionTime is the last time the condition
                          transitioned from one status to another. This should be
                          when the underlying condition changed.  If that is not known,
                          then using the time when the API field changed is acceptable.
                        format: date-time
                        type: string
                      message:
                        description: message is a human readable message indicating
                          details about the transition. This may be an empty string.
                        maxLength: 32768
                        type: string
                      observedGeneration:
                        description: observedGeneration represents the .metadata.generation
                          that the condition was set based upon. For instance, if
                          .metadata.generation is currently 12, but the .status.conditions[x].observedGeneration
                          is 9, the condition is out of date with respect to the current
                          state of the instance.
                        format: int64
                        minimum: 0
                        type: integer
                      reason:
                        description: reason contains a programmatic identifier indicating
                          the reason for the condition's last transition. Producers
                          of specific condition types may define expected values and
                          meanings for this field, and whether the values are considered
                          a guaranteed API. The value should be a CamelCase string.
                          This field may not be empty.
                        maxLength: 1024
                        minLength: 1
                        pattern: ^[A-Za-z]([A-Za-z0-9_,:]*[A-Za-z0-9_])?$
                        type: string
                      status:
                        description: status of the condition, one of True, False,
                          Unknown.
                        enum:
                          - 'True'
                          - 'False'
                          - Unknown
                        type: string
                      type:
                        description: type of condition in CamelCase or in foo.example.com/CamelCase.
                          --- Many .condition.type values are consistent across resources
                          like Available, but because arbitrary conditions can be
                          useful (see .node.status.conditions), the ability to deconflict
                          is important. The regex it matches is (dns1123SubdomainFmt/)?(qualifiedNameFmt)
                        maxLength: 316
                        pattern: ^([a-z0-9]([-a-z0-9]*[a-z0-9])?(\.[a-z0-9]([-a-z0-9]*[a-z0-9])?)*/)?(([A-Za-z0-9][-A-Za-z0-9_.]*)?[A-Za-z0-9])$
                        type: string
                    required:
                      - lastTransitionTime
                      - message
                      - reason
                      - status
                      - type
                    type: object
                  type: array
              type: object
          type: object
      served: true
