apiVersion: apiextensions.crossplane.io/v1
kind: CompositeResourceDefinition
metadata:
  annotations:
    argocd.argoproj.io/sync-options: SkipDryRunOnMissingResource=true
    argocd.argoproj.io/sync-wave: '10'
  labels:
    name: xobjectbuckets.appcat.vshn.io
  name: xobjectbuckets.appcat.vshn.io
spec:
  claimNames:
    kind: ObjectBucket
    plural: objectbuckets
  connectionSecretKeys:
    - AWS_ACCESS_KEY_ID
    - AWS_SECRET_ACCESS_KEY
  defaultCompositionRef:
    name: objectbucket-cloudscale
  group: appcat.vshn.io
  names:
    kind: XObjectBucket
    plural: xobjectbuckets
  versions:
    - name: v1
      referenceable: true
      schema:
        openAPIV3Schema:
          properties:
            spec:
              properties:
                parameters:
                  properties:
                    bucketName:
                      description: BucketName is the name of the bucket to create.
                        Cannot be changed after bucket is created. Name must be acceptable
                        by the S3 protocol, which follows RFC 1123. Be aware that
                        S3 providers may require a unique name across the platform
                        or region.
                      type: string
                    region:
                      description: Region is the name of the region where the bucket
                        shall be created. The region must be available in the S3 endpoint.
                        Accepted values are LPG and RMA.
                      type: string
                  required:
                    - bucketName
                    - region
                  type: object
              required:
                - parameters
              type: object
          type: object
      served: true
