apiVersion: v1
data: {}
kind: Secret
metadata:
  annotations: {}
  labels:
    name: exoscale-dbaas-api-access
  name: exoscale-dbaas-api-access
  namespace: syn-crossplane
stringData:
  EXOSCALE_API_KEY: ?{vaultkv:t-silent-test-1234/c-green-test-1234/appcat/dbaas/provider-exoscale/access-key:ac2f40d2}
  EXOSCALE_API_SECRET: ?{vaultkv:t-silent-test-1234/c-green-test-1234/appcat/dbaas/provider-exoscale/secret-key:673be3ae}
type: Opaque
